MIME-Version: 1.0
Content-Type: multipart/mixed; boundary="===============7930855003313846653=="
Subject: Purchase Order - 98648734 from Metrology Engineering Solutions
From: info@mesinstruments.co.in
To: ajayasok008@gmail.com
Date: Thu, 16 Jul 2026 11:27:22 +0000
Message-ID: <178420124265.832.11618743056782520078@Ajay>

--===============7930855003313846653==
Content-Type: text/plain; charset="utf-8"
Content-Transfer-Encoding: 7bit

Dear Sir/Madam,

Greetings from Metrology Engineering Solutions.

Please find the attached Purchase Order (98648734) for your reference.

Kindly acknowledge the receipt of this email and confirm the delivery date.

Thank you,
Metrology Engineering Solutions

--===============7930855003313846653==
Content-Type: application/pdf
Content-Transfer-Encoding: base64
Content-Disposition: attachment; filename="98648734.pdf"
MIME-Version: 1.0

JVBERi0xLjQKJZOMi54gUmVwb3J0TGFiIEdlbmVyYXRlZCBQREYgZG9jdW1lbnQgKG9wZW5zb3Vy
Y2UpCjEgMCBvYmoKPDwKL0YxIDIgMCBSIC9GMiAzIDAgUgo+PgplbmRvYmoKMiAwIG9iago8PAov
QmFzZUZvbnQgL0hlbHZldGljYSAvRW5jb2RpbmcgL1dpbkFuc2lFbmNvZGluZyAvTmFtZSAvRjEg
L1N1YnR5cGUgL1R5cGUxIC9UeXBlIC9Gb250Cj4+CmVuZG9iagozIDAgb2JqCjw8Ci9CYXNlRm9u
dCAvSGVsdmV0aWNhLUJvbGQgL0VuY29kaW5nIC9XaW5BbnNpRW5jb2RpbmcgL05hbWUgL0YyIC9T
dWJ0eXBlIC9UeXBlMSAvVHlwZSAvRm9udAo+PgplbmRvYmoKNCAwIG9iago8PAovQ29udGVudHMg
OCAwIFIgL01lZGlhQm94IFsgMCAwIDU5NS4yNzU2IDg0MS44ODk4IF0gL1BhcmVudCA3IDAgUiAv
UmVzb3VyY2VzIDw8Ci9Gb250IDEgMCBSIC9Qcm9jU2V0IFsgL1BERiAvVGV4dCAvSW1hZ2VCIC9J
bWFnZUMgL0ltYWdlSSBdCj4+IC9Sb3RhdGUgMCAvVHJhbnMgPDwKCj4+IAogIC9UeXBlIC9QYWdl
Cj4+CmVuZG9iago1IDAgb2JqCjw8Ci9QYWdlTW9kZSAvVXNlTm9uZSAvUGFnZXMgNyAwIFIgL1R5
cGUgL0NhdGFsb2cKPj4KZW5kb2JqCjYgMCBvYmoKPDwKL0F1dGhvciAoXChhbm9ueW1vdXNcKSkg
L0NyZWF0aW9uRGF0ZSAoRDoyMDI2MDcxNjE2NTcyMiswNScwMCcpIC9DcmVhdG9yIChcKHVuc3Bl
Y2lmaWVkXCkpIC9LZXl3b3JkcyAoKSAvTW9kRGF0ZSAoRDoyMDI2MDcxNjE2NTcyMiswNScwMCcp
IC9Qcm9kdWNlciAoUmVwb3J0TGFiIFBERiBMaWJyYXJ5IC0gXChvcGVuc291cmNlXCkpIAogIC9T
dWJqZWN0IChcKHVuc3BlY2lmaWVkXCkpIC9UaXRsZSAoXChhbm9ueW1vdXNcKSkgL1RyYXBwZWQg
L0ZhbHNlCj4+CmVuZG9iago3IDAgb2JqCjw8Ci9Db3VudCAxIC9LaWRzIFsgNCAwIFIgXSAvVHlw
ZSAvUGFnZXMKPj4KZW5kb2JqCjggMCBvYmoKPDwKL0ZpbHRlciBbIC9BU0NJSTg1RGVjb2RlIC9G
bGF0ZURlY29kZSBdIC9MZW5ndGggMjQzMQo+PgpzdHJlYW0KR2IhI109YGA9VyZxODAxa2EvRkJi
ZlZVbCFiQG5CWW8jdEU+STVoPztxWCpJNnNJbCtVa2IsUWovVyhKZ0U9SlknUDNbZ0heJCVAXzY7
N0c1MSc/STsjRmJ0bXInXywlZnIyS0FBQy8tcFY4JjomNnNjKl1faCg6Z0pMUjwvRVM+YzIjXyZq
PDhwI25CYiJiZG1uKydIa0owMU4vWVxLSSpHImVPQFk0Vl9NQTJfLExzVkM/RSpAXDQsLlJbQ0dX
Pyt1Nz4rVzwnbG9CTUl1OSlhZE1oO05POk1SSyUzTV9dKyYvIUVXLE46WWsmPkEuY0AxPCUzczdk
YkJjQkJpXCtvUSFycWosSWdlZ0k8PjpHWlBgWytgdT1ANWBnUFhgKStkMm5VXiRcalRYcS47ZVBZ
QnFcKjIyX2BmbiZpOT8kTFtQLDEzSGxQMTsvQC9HQkZdcV1QNFc5QGg1JjJBdGlFWixJWEsjOjVQ
cyovIWpubyNcSTNKWlM3LStfcmt0VnJqbEY7QF5uczFPMz9hSiZSOitFRy1kITUpRXJmbE4sbEE7
aW1MK2VDZ09GLWFXKXE9Rk0vYFQoTGQiS05rZyFoOVw4ZV1Ka18taDJpSGkxPFk9PmBkZSxMO0lF
cGpGK3BmQE4vMDcoZ1kyWCIqY0Y5XUQ9SCM7OiZ1LjpnNm1ebytPWDpbUUxWR3E7ZTU9ZXJWPWdn
KTtbbUBtNSYmU00tbXRPIzgrMV00WCJbaihPI1hbR0omMkIuYWEwLmY9Jkg4K1BBX24sJ0ROQ0En
KWBJbVN0O09wNShfTV9OJlY8VmAhYkhZcF9qKltoYU9EbE0xX11nUiRIR3FtS3VjYF9NLiJCW2pC
Nz0sMixHIWxTRXJcaDRYKEhsLU5gIik1OmxtLCdrLS8mcCNoU0ExXVdIMk1OOEJsZzxRIUI2SGA1
TDdEPjlBOGBpaE06aideR011Y2UhTi5qJztRcW5ybWVodT1rOypvOkoqZCNzPk08JltdN2k3Pmxm
JSVVPSZhOz1TWm1iRC9eJyhaUkdEWF1iSS9tUDJkKUkqZilgPENxL0gpWXAjMT01YGVOPCxXRCJn
L1tCMFpBcHU1JmhTZSM8aTMxakZyJjYmZydNXy5EOWNGOXM0NDc4KWsoaT9SI1I2RWBjUmxuVlwn
UDI6VCE0LWRYaDhGJDVJVFs6Wmw9dEtRMjY/JUxQWFhmI15SRE42Iz48PDtIS25wJVwlYVZnSSNG
PDZVKGxWTEBVW3FHS3M2PScxM11ENmVXY0UsITJeZ0MnJnJpLGtFIjYpUmdHR1tBK2szazg6MDVI
VkkmckUqNldTU2E7YUk/blFXUkJfODtTOlVVIkJGQVAnXytaVV1sJEwnYiJXUzUlI2wrb0lBRz5j
NT5XOSErXixOK0w/QVgnUHQ3OEtjNyooNVJDblsmKUxhWkVBZj4mRGQ7Vk0pMjBYMzlAL0hkdT1V
XWU+VCU5WGJFai1uTVl1LilPP0VPND9wRTRnTU1nbVAuJWJMXjcpJEI4PFlyVCcwW0ElX148TixD
UDNCal9XVVM1YFZXN1BmPChkJV9ySFZhN0coTlopaVBWTmJGZzAiMWJJXzI5V1xObDwkPnU3LUEs
QlBFZGhyZ1tDIzEnWWMkXWVdU11fbXM3bmc7Zm4qbGFiTUtQPFZubkFdTlVKS09dJi49ZnMuPTFI
UT1VWioibitCKTw+RT1oOUoiVDk2WW9GRV9rSjt1LUQiTTY5dGVdQlppdFZnSlc0blwkTzAyMiJB
dSs8ZnRePmFwRFYmOGZuRFokMGw7NkVNRGVhUSdqUC8oVk84TDokTElFZ1VPOVAuOlU7S25iZDZv
IT4ndTckLylDa2sjc0A4VycvJ1luJUsjI2U/UnJzMFcsJGdBck1PYmU1ZiYlS0xGWls8XkBTS1hf
LzYsJD0+QFszUVBoMWdSbGRhW1VOVjdmbz4lSWFcOm8mTjk7XzRuRDJZKl1ZLjgmLU5dKiIoSXFz
XmAiNy1AUSlrLk8vIl8yRGJLKWRRT289dGFaWUEwVjQ/cm8wK2MmXCUwM1xsdGJHJ1VIKTltSTJA
NUg0QjdSUzpCSl5nKDJrP2VpPWJtJCU+QnJVN0ZaNz90bTFlP29WJ2ZpOHFQJ01Cak5bKmxPRnBM
aiMnQFZnJWtaLSsrLi01TydQIz1HRTVpTWViT2pEWWR0Y2YnSE9AU3QoMF0qckAtNjtzKSZbRyxx
VSpZNEk7I2JLSkY3JVIvVmw9PVdxckZ1MXJCXkhlQUZcaSNcPlEnPT5aTiQjQXFpOnEjZC9qSFFI
R2EkQyhWTzdGbWM/UlY8S1coQVhwLWIiNCU2JS1FJmprKV8qbnNgM1YuOGZfcnVZNm1XLGZXPDNY
OkJQNlpoblgkSTIpLyEwV11MV2I2clhsRGAkPWxwWC5ZTihkTjxXbUArXENAK15TS2VYQTUrXUxk
Y2EqX29JIj4hOWc1UVErQCZmK086al9ZW2RnIUVFSmQ0RDVWJmgqaSZQI2tiPnBpJ0VFNTErSWNu
LFQ7NypBYk5GNypVX0B1a1FnckwrN11oVTdwUidIYSYwKFA8VjdBUWghc101OV8kXXQ8TUddVDQw
I2RhVEspPSstSFwuPCtoLW08TUBsKDNJQE4iNT48SUZtWCxJKjQ+Mms8dDE7cC9nJy5vRipmTWhP
NDAtNFMrdT0oSlFDJDlOTUU4V0s4T1JIRyM2I2xAWUxlPmIuQVRsWVZdLFZgWSpRMi9JMStiPHBO
KWhkUCNUS1wrVWc9LSwwLHRoLTdIOlpcXjhrPS9pbTA+PCNBSDBdWUUsVDpaWCE/Q2U6SkQ2ZV5Q
Sll0Pm9ScW5kKVVLXjEsOEohMFovQ05vSDldZSRlcyshbyJBPWM1MiNiSWMkbyprV2wwb0ZRPy0t
S3JsTDxISW9gRHFWMkE/ZUFuPjJTXTg0K11Db2hxSStwLDwhaWhvU1laPUU4YzEscD4rRHElQCFA
XSg2O0hfLSZwYF1hVldTL0hBJjZxWXA/RiZZTjRVPzkpMyssLU5EUm9qRk9AVWteLmAqaCpNJzBq
IlloVlg6X0RVIWJSb1FNRGNeUyozUi4wcipDM0lMTTwnLilxO0xOb2pTTFo4UVwwcCwybW8ySms3
X1lfYychRDIpXT0sLjNFSl5eLS8uXiEzMiotcVVDOUI0V0E1LEJbZVRqXVBRbFhWNTNXTmhVSWtv
aDBdNldHUS5tRj1aPSJ+PmVuZHN0cmVhbQplbmRvYmoKeHJlZgowIDkKMDAwMDAwMDAwMCA2NTUz
NSBmIAowMDAwMDAwMDYxIDAwMDAwIG4gCjAwMDAwMDAxMDIgMDAwMDAgbiAKMDAwMDAwMDIwOSAw
MDAwMCBuIAowMDAwMDAwMzIxIDAwMDAwIG4gCjAwMDAwMDA1MjQgMDAwMDAgbiAKMDAwMDAwMDU5
MiAwMDAwMCBuIAowMDAwMDAwODcyIDAwMDAwIG4gCjAwMDAwMDA5MzEgMDAwMDAgbiAKdHJhaWxl
cgo8PAovSUQgCls8MmRkZGE0NzI1OTAyZDRjOWVlNDY3NWZlMmNkNmMxNTY+PDJkZGRhNDcyNTkw
MmQ0YzllZTQ2NzVmZTJjZDZjMTU2Pl0KJSBSZXBvcnRMYWIgZ2VuZXJhdGVkIFBERiBkb2N1bWVu
dCAtLSBkaWdlc3QgKG9wZW5zb3VyY2UpCgovSW5mbyA2IDAgUgovUm9vdCA1IDAgUgovU2l6ZSA5
Cj4+CnN0YXJ0eHJlZgozNDUzCiUlRU9GCg==

--===============7930855003313846653==--

-------------------------------------------------------------------------------
